// Vitest Snapshot v1, https://vitest.dev/guide/snapshot.html

exports[`unit:theme/components/atoms/DescriptionList > should render <dl> 1`] = `
<dl>
  <dt>
    Beast of Bodmin
  </dt>
  <dd>
    A large feline inhabiting Bodmin Moor.
  </dd>
  <dt>
    Morgawr
  </dt>
  <dd>
    A sea serpent.
  </dd>
  <dt>
    Owlman
  </dt>
  <dd>
    A giant owl-like creature.
  </dd>
</dl>
`;
